com.plt.qprobot.ui.MyFrame: the application ended! 2016-08-229 10:52:51